
> tpv-mobile@1.0.0 test
> jest

node.exe : PASS __tests__/screens/AppointmentDetailScreen.test.tsx
En línea: 1 Carácter: 1
+ & "C:\Program Files\nodejs/node.exe" "C:\Users\Aleksay\AppData\Roamin ...
+ ~~~~~~~~~~~~~~~~~~~~~~~~~~~~~~~~~~~~~~~~~~~~~~~~~~~~~~~~~~~~~~~~~~~~~
    + CategoryInfo          : NotSpecified: (PASS __tests__/...Screen.test.tsx 
   :String) [], RemoteException
    + FullyQualifiedErrorId : NativeCommandError
 
PASS __tests__/screens/ReceiptScreen.test.tsx
PASS __tests__/screens/DeviceInfoScreen.test.tsx
PASS __tests__/screens/CheckoutScreen.test.tsx
PASS __tests__/screens/KitchenDisplayScreen.test.tsx
PASS __tests__/screens/TableDetailScreen.test.tsx
PASS __tests__/screens/ProfileScreen.test.tsx
PASS __tests__/screens/PaymentScreen.test.tsx
PASS __tests__/screens/OrderCreationScreen.test.tsx
PASS __tests__/screens/TerminalSelectionScreen.test.tsx
PASS __tests__/screens/MyPermissionsScreen.test.tsx
PASS __tests__/screens/HomeScreen.test.tsx
PASS __tests__/components/QuickAccessAuthModal.test.tsx
PASS __tests__/hooks/useSync.test.tsx
PASS __tests__/screens/PINLoginScreen.test.tsx
PASS __tests__/features/OpenShiftModal.test.tsx
PASS __tests__/screens/LogoutConfirmationScreen.test.tsx
PASS __tests__/screens/AppointmentsListScreen.test.tsx
PASS __tests__/utils/offline.test.tsx
PASS __tests__/screens/InactivitySettingsScreen.test.tsx
PASS __tests__/screens/LanguageScreen.test.tsx
PASS __tests__/screens/LoginScreen.test.tsx
PASS __tests__/screens/SettingsContainerScreen.test.tsx
PASS __tests__/screens/PairingMethodScreen.test.tsx
PASS __tests__/components/SyncStatusBanner.test.tsx
PASS __tests__/components/RoleGuard.test.tsx
PASS __tests__/components/Topbar.test.tsx
PASS __tests__/components/UserMenuModal.test.tsx
PASS __tests__/hooks/useAutoLock.test.tsx
PASS __tests__/services/AnalyticsService.test.ts
PASS __tests__/screens/RestaurantCheckoutScreen.helpers.test.ts
PASS __tests__/screens/DiningFloorScreen.test.tsx
PASS __tests__/App.compatibility-required.test.tsx
PASS __tests__/hooks/useSaleFlow.test.tsx
PASS __tests__/screens/RestaurantCheckoutScreen.paymentLogicMatrix.test.ts
PASS __tests__/components/LoadingState.test.tsx
PASS __tests__/components/EmptyState.test.tsx
PASS __tests__/services/MobileLogTransportService.test.ts
PASS __tests__/api/pairing.api.test.ts
PASS __tests__/api/kitchen.api.test.ts
PASS __tests__/hooks/useSettings.test.ts
PASS __tests__/components/StatusPill.test.tsx
PASS __tests__/components/ErrorState.test.tsx
PASS __tests__/AppProviders.test.tsx
PASS __tests__/screens/ContextGuard.test.tsx
PASS __tests__/services/SyncService.test.ts
PASS __tests__/layouts/AppShellRouter.test.tsx
PASS __tests__/api/card-payment-runtime.api.test.ts
PASS __tests__/api/client.test.ts
PASS __tests__/hooks/usePermissionSync.test.ts
PASS __tests__/layouts/TabletAppShell.test.tsx
PASS __tests__/i18n/locales.test.ts
PASS __tests__/api/restaurant.api.test.ts
PASS __tests__/components/SectionHeader.test.tsx
PASS __tests__/layouts/PhoneAppShell.test.tsx
PASS __tests__/hooks/useCardPaymentRuntime.test.tsx
PASS __tests__/api/appointments.api.test.ts
PASS __tests__/api/context.api.test.ts
PASS __tests__/api/sales.api.test.ts
PASS __tests__/api/cashShifts.api.test.ts
PASS __tests__/api/auth.api.test.ts
PASS __tests__/hooks/useLocalContext.test.ts
PASS __tests__/hooks/useAuth.swap.test.ts
PASS __tests__/utils/pin-lockout.test.ts
PASS __tests__/store/language.store.test.ts
PASS __tests__/integration/accountSwap.test.tsx
PASS __tests__/store/offline.store.test.ts
PASS __tests__/store/terminal.store.test.ts
PASS __tests__/navigation/shellRouteGuards.test.ts
PASS __tests__/store/sale.store.test.ts
PASS __tests__/navigation/accountSwapRoute.test.ts
PASS __tests__/store/sync.store.test.ts
PASS __tests__/store/session-policy.store.test.ts
PASS __tests__/store/auth.store.test.ts
PASS __tests__/utils/validation.test.ts
PASS __tests__/utils/jwt.test.ts
PASS __tests__/store/context.store.test.ts
PASS __tests__/navigation/shellRouteGuards.access.test.ts
PASS __tests__/utils/storage.test.ts
PASS __tests__/screens/shiftCache.test.ts
PASS __tests__/screens/RestaurantCheckoutScreen.test.tsx
A worker process has failed to exit gracefully and has been force exited. This 
is likely caused by tests leaking due to improper teardown. Try running with 
--detectOpenHandles to find leaks. Active timers can also cause this, ensure 
that .unref() was called on them.

Test Suites: 81 passed, 81 total
Tests:       288 passed, 288 total
Snapshots:   0 total
Time:        6.037 s
Ran all test suites.
